[INFO] [launch]: All log files can be found below /home/d4y0n3/.ros/log/2026-01-17-14-26-10-727767-d4y0n3-Victus-by-HP-Gaming-Laptop-15-fa0xxx-72672
[INFO] [launch]: Default logging verbosity is set to INFO
[INFO] [rosbridge_websocket-1]: process started with pid [72773]
[INFO] [rosapi_node-2]: process started with pid [72775]
[rosbridge_websocket-1] [WARN] [1768640171.155065963] [rosbridge_websocket]: The 'default_call_service_timeout' parameter is currently set to 0.0, which means service calls will block indefinitely if no response is received. Please note that in the Jazzy and later releases, the default value for this parameter will be updated to 5.0 seconds.
[rosbridge_websocket-1] [WARN] [1768640171.155294464] [rosbridge_websocket]: The 'call_services_in_new_thread' parameter is currently set to False, which means service calls will block the main thread. Please note that in the Jazzy and later releases, the default value for this parameter will be updated to True.
[rosbridge_websocket-1] [WARN] [1768640171.155464042] [rosbridge_websocket]: The 'send_action_goals_in_new_thread' parameter is currently set to False, which means sending action goals will block the main thread. Please note that in the Jazzy and later releases, the default value for this parameter will be updated to True.
[rosbridge_websocket-1] [INFO] [1768640171.156091625] [rosbridge_websocket]: Rosbridge WebSocket server started on port 9090
[rosbridge_websocket-1] [INFO] [1768640175.560833485] [rosbridge_websocket]: Calling services in existing thread
[rosbridge_websocket-1] [INFO] [1768640175.561109302] [rosbridge_websocket]: Sending action goals in existing thread
[rosbridge_websocket-1] [INFO] [1768640175.561647565] [rosbridge_websocket]: Client connected. 1 clients total.
[rosbridge_websocket-1] [INFO] [1768640175.590255474] [rosbridge_websocket]: [Client 612ac4e5-80c6-47e3-aba1-e340271963a4] Subscribed to /joy0
[rosbridge_websocket-1] [INFO] [1768640175.591081450] [rosbridge_websocket]: [Client 612ac4e5-80c6-47e3-aba1-e340271963a4] Subscribed to /joy
[rosbridge_websocket-1] ERROR:tornado.application:Exception in callback <function main.<locals>.spin_ros at 0x7af4f4b25990>
[rosbridge_websocket-1] Traceback (most recent call last):
[rosbridge_websocket-1]   File "/usr/lib/python3/dist-packages/tornado/ioloop.py", line 905, in _run
[rosbridge_websocket-1]     return self.callback()
[rosbridge_websocket-1]   File "/opt/ros/humble/lib/rosbridge_server/rosbridge_websocket", line 270, in spin_ros
[rosbridge_websocket-1]     executor.spin_once(timeout_sec=0.01)
[rosbridge_websocket-1]   File "/opt/ros/humble/local/lib/python3.10/dist-packages/rclpy/executors.py", line 773, in spin_once
[rosbridge_websocket-1]     self._spin_once_impl(timeout_sec)
[rosbridge_websocket-1]   File "/opt/ros/humble/local/lib/python3.10/dist-packages/rclpy/executors.py", line 762, in _spin_once_impl
[rosbridge_websocket-1]     handler, entity, node = self.wait_for_ready_callbacks(timeout_sec=timeout_sec)
[rosbridge_websocket-1]   File "/opt/ros/humble/local/lib/python3.10/dist-packages/rclpy/executors.py", line 745, in wait_for_ready_callbacks
[rosbridge_websocket-1]     return next(self._cb_iter)
[rosbridge_websocket-1]   File "/opt/ros/humble/local/lib/python3.10/dist-packages/rclpy/executors.py", line 646, in _wait_for_ready_callbacks
[rosbridge_websocket-1]     raise ExternalShutdownException()
[rosbridge_websocket-1] rclpy.executors.ExternalShutdownException
[rosbridge_websocket-1] registered capabilities (classes):
[rosbridge_websocket-1]  - <class 'rosbridge_library.capabilities.advertise.Advertise'>
[rosbridge_websocket-1]  - <class 'rosbridge_library.capabilities.publish.Publish'>
[rosbridge_websocket-1]  - <class 'rosbridge_library.capabilities.subscribe.Subscribe'>
[rosbridge_websocket-1]  - <class 'rosbridge_library.capabilities.defragmentation.Defragment'>
[rosbridge_websocket-1]  - <class 'rosbridge_library.capabilities.advertise_service.AdvertiseService'>
[rosbridge_websocket-1]  - <class 'rosbridge_library.capabilities.call_service.CallService'>
[rosbridge_websocket-1]  - <class 'rosbridge_library.capabilities.service_response.ServiceResponse'>
[rosbridge_websocket-1]  - <class 'rosbridge_library.capabilities.unadvertise_service.UnadvertiseService'>
[rosbridge_websocket-1]  - <class 'rosbridge_library.capabilities.advertise_action.AdvertiseAction'>
[rosbridge_websocket-1]  - <class 'rosbridge_library.capabilities.action_feedback.ActionFeedback'>
[rosbridge_websocket-1]  - <class 'rosbridge_library.capabilities.action_result.ActionResult'>
[rosbridge_websocket-1]  - <class 'rosbridge_library.capabilities.send_action_goal.SendActionGoal'>
[rosbridge_websocket-1]  - <class 'rosbridge_library.capabilities.unadvertise_action.UnadvertiseAction'>
[rosapi_node-2] Traceback (most recent call last):
[rosapi_node-2]   File "/opt/ros/humble/lib/rosapi/rosapi_node", line 550, in <module>
[rosapi_node-2]     main()
[rosapi_node-2]   File "/opt/ros/humble/lib/rosapi/rosapi_node", line 542, in main
[rosapi_node-2]     rclpy.spin(node)
[rosapi_node-2]   File "/opt/ros/humble/local/lib/python3.10/dist-packages/rclpy/__init__.py", line 229, in spin
[rosapi_node-2]     executor.spin_once()
[rosapi_node-2]   File "/opt/ros/humble/local/lib/python3.10/dist-packages/rclpy/executors.py", line 773, in spin_once
[rosapi_node-2]     self._spin_once_impl(timeout_sec)
[rosapi_node-2]   File "/opt/ros/humble/local/lib/python3.10/dist-packages/rclpy/executors.py", line 762, in _spin_once_impl
[rosapi_node-2]     handler, entity, node = self.wait_for_ready_callbacks(timeout_sec=timeout_sec)
[rosapi_node-2]   File "/opt/ros/humble/local/lib/python3.10/dist-packages/rclpy/executors.py", line 745, in wait_for_ready_callbacks
[rosapi_node-2]     return next(self._cb_iter)
[rosapi_node-2]   File "/opt/ros/humble/local/lib/python3.10/dist-packages/rclpy/executors.py", line 646, in _wait_for_ready_callbacks
[rosapi_node-2]     raise ExternalShutdownException()
[rosapi_node-2] rclpy.executors.ExternalShutdownException
[rosbridge_websocket-1] Traceback (most recent call last):
[rosbridge_websocket-1]   File "/opt/ros/humble/lib/rosbridge_server/rosbridge_websocket", line 286, in <module>
[rosbridge_websocket-1]     main()
[rosbridge_websocket-1]   File "/opt/ros/humble/lib/rosbridge_server/rosbridge_websocket", line 277, in main
[rosbridge_websocket-1]     rclpy.shutdown()
[rosbridge_websocket-1]   File "/opt/ros/humble/local/lib/python3.10/dist-packages/rclpy/__init__.py", line 130, in shutdown
[rosbridge_websocket-1]     _shutdown(context=context)
[rosbridge_websocket-1]   File "/opt/ros/humble/local/lib/python3.10/dist-packages/rclpy/utilities.py", line 58, in shutdown
[rosbridge_websocket-1]     return context.shutdown()
[rosbridge_websocket-1]   File "/opt/ros/humble/local/lib/python3.10/dist-packages/rclpy/context.py", line 102, in shutdown
[rosbridge_websocket-1]     self.__context.shutdown()
[rosbridge_websocket-1] rclpy._rclpy_pybind11.RCLError: failed to shutdown: rcl_shutdown already called on the given context, at ./src/rcl/init.c:241
